// Jest Snapshot v1, https://goo.gl/fbAQLP

exports[`<App/> tests should render correctly 1`] = `
<div>
  <AppRouter />
</div>
`;
